
         /\      Grafana   /‾‾/  
    /\  /  \     |\  __   /  /   
   /  \/    \    | |/ /  /   ‾‾\ 
  /          \   |   (  |  (‾)  |
 / __________ \  |_|\_\  \_____/ 


     execution: local
        script: k6/write.js
        output: -

     scenarios: (100.00%) 1 scenario, 2000 max VUs, 4m20s max duration (incl. graceful stop):
              * ramp: Up to 2000 looping VUs for 3m50s over 7 stages (gracefulRampDown: 30s, gracefulStop: 30s)


running (0m00.8s), 0041/2000 VUs, 0 complete and 0 interrupted iterations
ramp   [   0% ] 0041/2000 VUs  0m00.8s/3m50.0s

running (0m01.8s), 0091/2000 VUs, 5477 complete and 0 interrupted iterations
ramp   [   1% ] 0091/2000 VUs  0m01.8s/3m50.0s

running (0m02.8s), 0141/2000 VUs, 12733 complete and 0 interrupted iterations
ramp   [   1% ] 0141/2000 VUs  0m02.8s/3m50.0s

running (0m03.8s), 0191/2000 VUs, 20096 complete and 0 interrupted iterations
ramp   [   2% ] 0191/2000 VUs  0m03.8s/3m50.0s

running (0m04.8s), 0241/2000 VUs, 27199 complete and 0 interrupted iterations
ramp   [   2% ] 0241/2000 VUs  0m04.8s/3m50.0s

running (0m05.8s), 0291/2000 VUs, 34397 complete and 0 interrupted iterations
ramp   [   3% ] 0291/2000 VUs  0m05.8s/3m50.0s

running (0m06.8s), 0341/2000 VUs, 41813 complete and 0 interrupted iterations
ramp   [   3% ] 0341/2000 VUs  0m06.8s/3m50.0s

running (0m07.8s), 0391/2000 VUs, 49209 complete and 0 interrupted iterations
ramp   [   3% ] 0391/2000 VUs  0m07.8s/3m50.0s

running (0m08.8s), 0441/2000 VUs, 56257 complete and 0 interrupted iterations
ramp   [   4% ] 0441/2000 VUs  0m08.8s/3m50.0s

running (0m09.8s), 0491/2000 VUs, 63261 complete and 0 interrupted iterations
ramp   [   4% ] 0491/2000 VUs  0m09.8s/3m50.0s

running (0m10.8s), 0500/2000 VUs, 70328 complete and 0 interrupted iterations
ramp   [   5% ] 0500/2000 VUs  0m10.8s/3m50.0s

running (0m11.8s), 0500/2000 VUs, 77839 complete and 0 interrupted iterations
ramp   [   5% ] 0500/2000 VUs  0m11.8s/3m50.0s

running (0m12.8s), 0500/2000 VUs, 85417 complete and 0 interrupted iterations
ramp   [   6% ] 0500/2000 VUs  0m12.8s/3m50.0s

running (0m13.8s), 0500/2000 VUs, 92681 complete and 0 interrupted iterations
ramp   [   6% ] 0500/2000 VUs  0m13.8s/3m50.0s

running (0m14.8s), 0500/2000 VUs, 100470 complete and 0 interrupted iterations
ramp   [   6% ] 0500/2000 VUs  0m14.8s/3m50.0s

running (0m15.8s), 0500/2000 VUs, 108079 complete and 0 interrupted iterations
ramp   [   7% ] 0500/2000 VUs  0m15.8s/3m50.0s

running (0m16.8s), 0500/2000 VUs, 115681 complete and 0 interrupted iterations
ramp   [   7% ] 0500/2000 VUs  0m16.8s/3m50.0s

running (0m17.8s), 0500/2000 VUs, 123368 complete and 0 interrupted iterations
ramp   [   8% ] 0500/2000 VUs  0m17.8s/3m50.0s

running (0m18.8s), 0500/2000 VUs, 130971 complete and 0 interrupted iterations
ramp   [   8% ] 0500/2000 VUs  0m18.8s/3m50.0s

running (0m19.8s), 0500/2000 VUs, 138672 complete and 0 interrupted iterations
ramp   [   9% ] 0500/2000 VUs  0m19.8s/3m50.0s

running (0m20.8s), 0500/2000 VUs, 146480 complete and 0 interrupted iterations
ramp   [   9% ] 0500/2000 VUs  0m20.8s/3m50.0s

running (0m21.8s), 0500/2000 VUs, 154633 complete and 0 interrupted iterations
ramp   [   9% ] 0500/2000 VUs  0m21.8s/3m50.0s

running (0m22.8s), 0500/2000 VUs, 162489 complete and 0 interrupted iterations
ramp   [  10% ] 0500/2000 VUs  0m22.8s/3m50.0s

running (0m23.8s), 0500/2000 VUs, 170357 complete and 0 interrupted iterations
ramp   [  10% ] 0500/2000 VUs  0m23.8s/3m50.0s

running (0m24.8s), 0500/2000 VUs, 176973 complete and 0 interrupted iterations
ramp   [  11% ] 0500/2000 VUs  0m24.8s/3m50.0s

running (0m25.8s), 0500/2000 VUs, 184513 complete and 0 interrupted iterations
ramp   [  11% ] 0500/2000 VUs  0m25.8s/3m50.0s

running (0m26.8s), 0500/2000 VUs, 192345 complete and 0 interrupted iterations
ramp   [  12% ] 0500/2000 VUs  0m26.8s/3m50.0s

running (0m27.8s), 0500/2000 VUs, 200390 complete and 0 interrupted iterations
ramp   [  12% ] 0500/2000 VUs  0m27.8s/3m50.0s

running (0m28.8s), 0500/2000 VUs, 208223 complete and 0 interrupted iterations
ramp   [  13% ] 0500/2000 VUs  0m28.8s/3m50.0s

running (0m29.8s), 0500/2000 VUs, 216416 complete and 0 interrupted iterations
ramp   [  13% ] 0500/2000 VUs  0m29.8s/3m50.0s

running (0m30.8s), 0500/2000 VUs, 224111 complete and 0 interrupted iterations
ramp   [  13% ] 0500/2000 VUs  0m30.8s/3m50.0s

running (0m31.8s), 0500/2000 VUs, 231541 complete and 0 interrupted iterations
ramp   [  14% ] 0500/2000 VUs  0m31.8s/3m50.0s

running (0m32.8s), 0500/2000 VUs, 239259 complete and 0 interrupted iterations
ramp   [  14% ] 0500/2000 VUs  0m32.8s/3m50.0s

running (0m33.8s), 0500/2000 VUs, 247194 complete and 0 interrupted iterations
ramp   [  15% ] 0500/2000 VUs  0m33.8s/3m50.0s

running (0m34.8s), 0500/2000 VUs, 255136 complete and 0 interrupted iterations
ramp   [  15% ] 0500/2000 VUs  0m34.8s/3m50.0s

running (0m35.8s), 0500/2000 VUs, 263010 complete and 0 interrupted iterations
ramp   [  16% ] 0500/2000 VUs  0m35.8s/3m50.0s

running (0m36.8s), 0500/2000 VUs, 270692 complete and 0 interrupted iterations
ramp   [  16% ] 0500/2000 VUs  0m36.8s/3m50.0s

running (0m37.8s), 0500/2000 VUs, 278423 complete and 0 interrupted iterations
ramp   [  16% ] 0500/2000 VUs  0m37.8s/3m50.0s

running (0m38.8s), 0500/2000 VUs, 286220 complete and 0 interrupted iterations
ramp   [  17% ] 0500/2000 VUs  0m38.8s/3m50.0s

running (0m39.8s), 0500/2000 VUs, 293892 complete and 0 interrupted iterations
ramp   [  17% ] 0500/2000 VUs  0m39.8s/3m50.0s

running (0m40.8s), 0500/2000 VUs, 301849 complete and 0 interrupted iterations
ramp   [  18% ] 0500/2000 VUs  0m40.8s/3m50.0s

running (0m41.8s), 0500/2000 VUs, 309413 complete and 0 interrupted iterations
ramp   [  18% ] 0500/2000 VUs  0m41.8s/3m50.0s

running (0m42.8s), 0500/2000 VUs, 317138 complete and 0 interrupted iterations
ramp   [  19% ] 0500/2000 VUs  0m42.8s/3m50.0s

running (0m43.8s), 0500/2000 VUs, 324901 complete and 0 interrupted iterations
ramp   [  19% ] 0500/2000 VUs  0m43.8s/3m50.0s

running (0m44.8s), 0500/2000 VUs, 332879 complete and 0 interrupted iterations
ramp   [  19% ] 0500/2000 VUs  0m44.8s/3m50.0s

running (0m45.8s), 0500/2000 VUs, 340777 complete and 0 interrupted iterations
ramp   [  20% ] 0500/2000 VUs  0m45.8s/3m50.0s

running (0m46.8s), 0500/2000 VUs, 348369 complete and 0 interrupted iterations
ramp   [  20% ] 0500/2000 VUs  0m46.8s/3m50.0s

running (0m47.8s), 0500/2000 VUs, 356011 complete and 0 interrupted iterations
ramp   [  21% ] 0500/2000 VUs  0m47.8s/3m50.0s

running (0m48.8s), 0500/2000 VUs, 363847 complete and 0 interrupted iterations
ramp   [  21% ] 0500/2000 VUs  0m48.8s/3m50.0s

running (0m49.8s), 0500/2000 VUs, 371743 complete and 0 interrupted iterations
ramp   [  22% ] 0500/2000 VUs  0m49.8s/3m50.0s

running (0m50.8s), 0500/2000 VUs, 379771 complete and 0 interrupted iterations
ramp   [  22% ] 0500/2000 VUs  0m50.8s/3m50.0s

running (0m51.8s), 0500/2000 VUs, 387584 complete and 0 interrupted iterations
ramp   [  23% ] 0500/2000 VUs  0m51.8s/3m50.0s

running (0m52.8s), 0500/2000 VUs, 395230 complete and 0 interrupted iterations
ramp   [  23% ] 0500/2000 VUs  0m52.8s/3m50.0s

running (0m53.8s), 0500/2000 VUs, 402978 complete and 0 interrupted iterations
ramp   [  23% ] 0500/2000 VUs  0m53.8s/3m50.0s

running (0m54.8s), 0500/2000 VUs, 410413 complete and 0 interrupted iterations
ramp   [  24% ] 0500/2000 VUs  0m54.8s/3m50.0s

running (0m55.8s), 0500/2000 VUs, 418308 complete and 0 interrupted iterations
ramp   [  24% ] 0500/2000 VUs  0m55.8s/3m50.0s

running (0m56.8s), 0500/2000 VUs, 425957 complete and 0 interrupted iterations
ramp   [  25% ] 0500/2000 VUs  0m56.8s/3m50.0s

running (0m57.8s), 0500/2000 VUs, 433566 complete and 0 interrupted iterations
ramp   [  25% ] 0500/2000 VUs  0m57.8s/3m50.0s

running (0m58.8s), 0500/2000 VUs, 440901 complete and 0 interrupted iterations
ramp   [  26% ] 0500/2000 VUs  0m58.8s/3m50.0s

running (0m59.8s), 0500/2000 VUs, 448750 complete and 0 interrupted iterations
ramp   [  26% ] 0500/2000 VUs  0m59.8s/3m50.0s

running (1m00.8s), 0500/2000 VUs, 456478 complete and 0 interrupted iterations
ramp   [  26% ] 0500/2000 VUs  1m00.8s/3m50.0s

running (1m01.8s), 0500/2000 VUs, 464265 complete and 0 interrupted iterations
ramp   [  27% ] 0500/2000 VUs  1m01.8s/3m50.0s

running (1m02.8s), 0500/2000 VUs, 471608 complete and 0 interrupted iterations
ramp   [  27% ] 0500/2000 VUs  1m02.8s/3m50.0s

running (1m03.8s), 0500/2000 VUs, 478779 complete and 0 interrupted iterations
ramp   [  28% ] 0500/2000 VUs  1m03.8s/3m50.0s

running (1m04.8s), 0500/2000 VUs, 486426 complete and 0 interrupted iterations
ramp   [  28% ] 0500/2000 VUs  1m04.8s/3m50.0s

running (1m05.8s), 0500/2000 VUs, 494238 complete and 0 interrupted iterations
ramp   [  29% ] 0500/2000 VUs  1m05.8s/3m50.0s

running (1m06.8s), 0500/2000 VUs, 501185 complete and 0 interrupted iterations
ramp   [  29% ] 0500/2000 VUs  1m06.8s/3m50.0s

running (1m07.8s), 0500/2000 VUs, 508289 complete and 0 interrupted iterations
ramp   [  29% ] 0500/2000 VUs  1m07.8s/3m50.0s

running (1m08.8s), 0500/2000 VUs, 515688 complete and 0 interrupted iterations
ramp   [  30% ] 0500/2000 VUs  1m08.8s/3m50.0s

running (1m09.8s), 0500/2000 VUs, 523207 complete and 0 interrupted iterations
ramp   [  30% ] 0500/2000 VUs  1m09.8s/3m50.0s

running (1m10.8s), 0527/2000 VUs, 530517 complete and 0 interrupted iterations
ramp   [  31% ] 0527/2000 VUs  1m10.8s/3m50.0s

running (1m11.8s), 0560/2000 VUs, 537734 complete and 0 interrupted iterations
ramp   [  31% ] 0560/2000 VUs  1m11.8s/3m50.0s

running (1m12.8s), 0594/2000 VUs, 545137 complete and 0 interrupted iterations
ramp   [  32% ] 0594/2000 VUs  1m12.8s/3m50.0s

running (1m13.8s), 0627/2000 VUs, 552837 complete and 0 interrupted iterations
ramp   [  32% ] 0627/2000 VUs  1m13.8s/3m50.0s

running (1m14.8s), 0660/2000 VUs, 560362 complete and 0 interrupted iterations
ramp   [  33% ] 0660/2000 VUs  1m14.8s/3m50.0s

running (1m15.8s), 0694/2000 VUs, 568124 complete and 0 interrupted iterations
ramp   [  33% ] 0694/2000 VUs  1m15.8s/3m50.0s

running (1m16.8s), 0727/2000 VUs, 575962 complete and 0 interrupted iterations
ramp   [  33% ] 0727/2000 VUs  1m16.8s/3m50.0s

running (1m17.8s), 0760/2000 VUs, 583668 complete and 0 interrupted iterations
ramp   [  34% ] 0760/2000 VUs  1m17.8s/3m50.0s

running (1m18.8s), 0794/2000 VUs, 591635 complete and 0 interrupted iterations
ramp   [  34% ] 0794/2000 VUs  1m18.8s/3m50.0s

running (1m19.8s), 0827/2000 VUs, 599435 complete and 0 interrupted iterations
ramp   [  35% ] 0827/2000 VUs  1m19.8s/3m50.0s

running (1m20.8s), 0860/2000 VUs, 607307 complete and 0 interrupted iterations
ramp   [  35% ] 0860/2000 VUs  1m20.8s/3m50.0s

running (1m21.8s), 0894/2000 VUs, 614608 complete and 0 interrupted iterations
ramp   [  36% ] 0894/2000 VUs  1m21.8s/3m50.0s

running (1m22.8s), 0927/2000 VUs, 622072 complete and 0 interrupted iterations
ramp   [  36% ] 0927/2000 VUs  1m22.8s/3m50.0s

running (1m23.8s), 0960/2000 VUs, 629413 complete and 0 interrupted iterations
ramp   [  36% ] 0960/2000 VUs  1m23.8s/3m50.0s

running (1m24.8s), 0994/2000 VUs, 636587 complete and 0 interrupted iterations
ramp   [  37% ] 0994/2000 VUs  1m24.8s/3m50.0s

running (1m25.8s), 1000/2000 VUs, 643154 complete and 0 interrupted iterations
ramp   [  37% ] 1000/2000 VUs  1m25.8s/3m50.0s

running (1m26.8s), 1000/2000 VUs, 650609 complete and 0 interrupted iterations
ramp   [  38% ] 1000/2000 VUs  1m26.8s/3m50.0s

running (1m27.8s), 1000/2000 VUs, 657998 complete and 0 interrupted iterations
ramp   [  38% ] 1000/2000 VUs  1m27.8s/3m50.0s

running (1m28.8s), 1000/2000 VUs, 665349 complete and 0 interrupted iterations
ramp   [  39% ] 1000/2000 VUs  1m28.8s/3m50.0s

running (1m29.8s), 1000/2000 VUs, 672791 complete and 0 interrupted iterations
ramp   [  39% ] 1000/2000 VUs  1m29.8s/3m50.0s

running (1m30.8s), 1000/2000 VUs, 680436 complete and 0 interrupted iterations
ramp   [  39% ] 1000/2000 VUs  1m30.8s/3m50.0s

running (1m31.8s), 1000/2000 VUs, 688197 complete and 0 interrupted iterations
ramp   [  40% ] 1000/2000 VUs  1m31.8s/3m50.0s

running (1m32.8s), 1000/2000 VUs, 695913 complete and 0 interrupted iterations
ramp   [  40% ] 1000/2000 VUs  1m32.8s/3m50.0s

running (1m33.8s), 1000/2000 VUs, 703835 complete and 0 interrupted iterations
ramp   [  41% ] 1000/2000 VUs  1m33.8s/3m50.0s

running (1m34.8s), 1000/2000 VUs, 711148 complete and 0 interrupted iterations
ramp   [  41% ] 1000/2000 VUs  1m34.8s/3m50.0s

running (1m35.8s), 1000/2000 VUs, 718522 complete and 0 interrupted iterations
ramp   [  42% ] 1000/2000 VUs  1m35.8s/3m50.0s

running (1m36.8s), 1000/2000 VUs, 726204 complete and 0 interrupted iterations
ramp   [  42% ] 1000/2000 VUs  1m36.8s/3m50.0s

running (1m37.8s), 1000/2000 VUs, 734190 complete and 0 interrupted iterations
ramp   [  43% ] 1000/2000 VUs  1m37.8s/3m50.0s

running (1m38.8s), 1000/2000 VUs, 741769 complete and 0 interrupted iterations
ramp   [  43% ] 1000/2000 VUs  1m38.8s/3m50.0s

running (1m39.8s), 1000/2000 VUs, 748938 complete and 0 interrupted iterations
ramp   [  43% ] 1000/2000 VUs  1m39.8s/3m50.0s

running (1m40.8s), 1000/2000 VUs, 755795 complete and 0 interrupted iterations
ramp   [  44% ] 1000/2000 VUs  1m40.8s/3m50.0s

running (1m41.8s), 1000/2000 VUs, 763013 complete and 0 interrupted iterations
ramp   [  44% ] 1000/2000 VUs  1m41.8s/3m50.0s

running (1m42.8s), 1000/2000 VUs, 770415 complete and 0 interrupted iterations
ramp   [  45% ] 1000/2000 VUs  1m42.8s/3m50.0s

running (1m43.8s), 1000/2000 VUs, 777742 complete and 0 interrupted iterations
ramp   [  45% ] 1000/2000 VUs  1m43.8s/3m50.0s

running (1m44.8s), 1000/2000 VUs, 785041 complete and 0 interrupted iterations
ramp   [  46% ] 1000/2000 VUs  1m44.8s/3m50.0s

running (1m45.8s), 1000/2000 VUs, 792794 complete and 0 interrupted iterations
ramp   [  46% ] 1000/2000 VUs  1m45.8s/3m50.0s

running (1m46.8s), 1000/2000 VUs, 800328 complete and 0 interrupted iterations
ramp   [  46% ] 1000/2000 VUs  1m46.8s/3m50.0s

running (1m47.8s), 1000/2000 VUs, 807657 complete and 0 interrupted iterations
ramp   [  47% ] 1000/2000 VUs  1m47.8s/3m50.0s

running (1m48.8s), 1000/2000 VUs, 814924 complete and 0 interrupted iterations
ramp   [  47% ] 1000/2000 VUs  1m48.8s/3m50.0s

running (1m49.8s), 1000/2000 VUs, 822337 complete and 0 interrupted iterations
ramp   [  48% ] 1000/2000 VUs  1m49.8s/3m50.0s

running (1m50.8s), 1000/2000 VUs, 829619 complete and 0 interrupted iterations
ramp   [  48% ] 1000/2000 VUs  1m50.8s/3m50.0s

running (1m51.8s), 1000/2000 VUs, 837559 complete and 0 interrupted iterations
ramp   [  49% ] 1000/2000 VUs  1m51.8s/3m50.0s

running (1m52.8s), 1000/2000 VUs, 844803 complete and 0 interrupted iterations
ramp   [  49% ] 1000/2000 VUs  1m52.8s/3m50.0s

running (1m53.8s), 1000/2000 VUs, 852283 complete and 0 interrupted iterations
ramp   [  49% ] 1000/2000 VUs  1m53.8s/3m50.0s

running (1m54.8s), 1000/2000 VUs, 859914 complete and 0 interrupted iterations
ramp   [  50% ] 1000/2000 VUs  1m54.8s/3m50.0s

running (1m55.8s), 1000/2000 VUs, 867116 complete and 0 interrupted iterations
ramp   [  50% ] 1000/2000 VUs  1m55.8s/3m50.0s

running (1m56.8s), 1000/2000 VUs, 874429 complete and 0 interrupted iterations
ramp   [  51% ] 1000/2000 VUs  1m56.8s/3m50.0s

running (1m57.8s), 1000/2000 VUs, 881560 complete and 0 interrupted iterations
ramp   [  51% ] 1000/2000 VUs  1m57.8s/3m50.0s

running (1m58.8s), 1000/2000 VUs, 889093 complete and 0 interrupted iterations
ramp   [  52% ] 1000/2000 VUs  1m58.8s/3m50.0s

running (1m59.8s), 1000/2000 VUs, 896478 complete and 0 interrupted iterations
ramp   [  52% ] 1000/2000 VUs  1m59.8s/3m50.0s

running (2m00.8s), 1000/2000 VUs, 903948 complete and 0 interrupted iterations
ramp   [  53% ] 1000/2000 VUs  2m00.8s/3m50.0s

running (2m01.8s), 1000/2000 VUs, 910988 complete and 0 interrupted iterations
ramp   [  53% ] 1000/2000 VUs  2m01.8s/3m50.0s

running (2m02.8s), 1000/2000 VUs, 918152 complete and 0 interrupted iterations
ramp   [  53% ] 1000/2000 VUs  2m02.8s/3m50.0s

running (2m03.8s), 1000/2000 VUs, 925114 complete and 0 interrupted iterations
ramp   [  54% ] 1000/2000 VUs  2m03.8s/3m50.0s

running (2m04.8s), 1000/2000 VUs, 932515 complete and 0 interrupted iterations
ramp   [  54% ] 1000/2000 VUs  2m04.8s/3m50.0s

running (2m05.8s), 1000/2000 VUs, 939347 complete and 0 interrupted iterations
ramp   [  55% ] 1000/2000 VUs  2m05.8s/3m50.0s

running (2m06.8s), 1000/2000 VUs, 946518 complete and 0 interrupted iterations
ramp   [  55% ] 1000/2000 VUs  2m06.8s/3m50.0s

running (2m07.8s), 1000/2000 VUs, 954230 complete and 0 interrupted iterations
ramp   [  56% ] 1000/2000 VUs  2m07.8s/3m50.0s

running (2m08.8s), 1000/2000 VUs, 961224 complete and 0 interrupted iterations
ramp   [  56% ] 1000/2000 VUs  2m08.8s/3m50.0s

running (2m09.8s), 1000/2000 VUs, 968297 complete and 0 interrupted iterations
ramp   [  56% ] 1000/2000 VUs  2m09.8s/3m50.0s

running (2m10.8s), 1000/2000 VUs, 974651 complete and 0 interrupted iterations
ramp   [  57% ] 1000/2000 VUs  2m10.8s/3m50.0s

running (2m11.8s), 1000/2000 VUs, 981813 complete and 0 interrupted iterations
ramp   [  57% ] 1000/2000 VUs  2m11.8s/3m50.0s

running (2m12.8s), 1000/2000 VUs, 988636 complete and 0 interrupted iterations
ramp   [  58% ] 1000/2000 VUs  2m12.8s/3m50.0s

running (2m13.8s), 1000/2000 VUs, 995741 complete and 0 interrupted iterations
ramp   [  58% ] 1000/2000 VUs  2m13.8s/3m50.0s

running (2m14.8s), 1000/2000 VUs, 1002617 complete and 0 interrupted iterations
ramp   [  59% ] 1000/2000 VUs  2m14.8s/3m50.0s

running (2m15.8s), 1000/2000 VUs, 1009873 complete and 0 interrupted iterations
ramp   [  59% ] 1000/2000 VUs  2m15.8s/3m50.0s

running (2m16.8s), 1000/2000 VUs, 1016742 complete and 0 interrupted iterations
ramp   [  59% ] 1000/2000 VUs  2m16.8s/3m50.0s

running (2m17.8s), 1000/2000 VUs, 1024013 complete and 0 interrupted iterations
ramp   [  60% ] 1000/2000 VUs  2m17.8s/3m50.0s

running (2m18.8s), 1000/2000 VUs, 1031260 complete and 0 interrupted iterations
ramp   [  60% ] 1000/2000 VUs  2m18.8s/3m50.0s

running (2m19.8s), 1000/2000 VUs, 1038511 complete and 0 interrupted iterations
ramp   [  61% ] 1000/2000 VUs  2m19.8s/3m50.0s

running (2m20.8s), 1000/2000 VUs, 1045500 complete and 0 interrupted iterations
ramp   [  61% ] 1000/2000 VUs  2m20.8s/3m50.0s

running (2m21.8s), 1000/2000 VUs, 1052381 complete and 0 interrupted iterations
ramp   [  62% ] 1000/2000 VUs  2m21.8s/3m50.0s

running (2m22.8s), 1000/2000 VUs, 1059452 complete and 0 interrupted iterations
ramp   [  62% ] 1000/2000 VUs  2m22.8s/3m50.0s

running (2m23.8s), 1000/2000 VUs, 1066768 complete and 0 interrupted iterations
ramp   [  63% ] 1000/2000 VUs  2m23.8s/3m50.0s

running (2m24.8s), 1000/2000 VUs, 1073047 complete and 0 interrupted iterations
ramp   [  63% ] 1000/2000 VUs  2m24.8s/3m50.0s

running (2m25.8s), 1054/2000 VUs, 1079682 complete and 0 interrupted iterations
ramp   [  63% ] 1054/2000 VUs  2m25.8s/3m50.0s

running (2m26.8s), 1121/2000 VUs, 1086812 complete and 0 interrupted iterations
ramp   [  64% ] 1121/2000 VUs  2m26.8s/3m50.0s

running (2m27.8s), 1188/2000 VUs, 1094051 complete and 0 interrupted iterations
ramp   [  64% ] 1188/2000 VUs  2m27.8s/3m50.0s

running (2m28.8s), 1254/2000 VUs, 1101213 complete and 0 interrupted iterations
ramp   [  65% ] 1254/2000 VUs  2m28.8s/3m50.0s

running (2m29.8s), 1321/2000 VUs, 1108176 complete and 0 interrupted iterations
ramp   [  65% ] 1321/2000 VUs  2m29.8s/3m50.0s

running (2m30.8s), 1388/2000 VUs, 1115435 complete and 0 interrupted iterations
ramp   [  66% ] 1388/2000 VUs  2m30.8s/3m50.0s

running (2m31.8s), 1454/2000 VUs, 1122463 complete and 0 interrupted iterations
ramp   [  66% ] 1454/2000 VUs  2m31.8s/3m50.0s

running (2m32.8s), 1521/2000 VUs, 1129696 complete and 0 interrupted iterations
ramp   [  66% ] 1521/2000 VUs  2m32.8s/3m50.0s

running (2m33.8s), 1588/2000 VUs, 1136468 complete and 0 interrupted iterations
ramp   [  67% ] 1588/2000 VUs  2m33.8s/3m50.0s

running (2m34.8s), 1654/2000 VUs, 1143272 complete and 0 interrupted iterations
ramp   [  67% ] 1654/2000 VUs  2m34.8s/3m50.0s

running (2m35.8s), 1721/2000 VUs, 1150326 complete and 0 interrupted iterations
ramp   [  68% ] 1721/2000 VUs  2m35.8s/3m50.0s

running (2m36.8s), 1787/2000 VUs, 1157883 complete and 0 interrupted iterations
ramp   [  68% ] 1787/2000 VUs  2m36.8s/3m50.0s

running (2m37.8s), 1854/2000 VUs, 1165189 complete and 0 interrupted iterations
ramp   [  69% ] 1854/2000 VUs  2m37.8s/3m50.0s

running (2m38.8s), 1921/2000 VUs, 1172349 complete and 0 interrupted iterations
ramp   [  69% ] 1921/2000 VUs  2m38.8s/3m50.0s

running (2m39.8s), 1988/2000 VUs, 1179277 complete and 0 interrupted iterations
ramp   [  69% ] 1988/2000 VUs  2m39.8s/3m50.0s

running (2m40.8s), 2000/2000 VUs, 1186534 complete and 0 interrupted iterations
ramp   [  70% ] 2000/2000 VUs  2m40.8s/3m50.0s

running (2m41.8s), 2000/2000 VUs, 1193779 complete and 0 interrupted iterations
ramp   [  70% ] 2000/2000 VUs  2m41.8s/3m50.0s

running (2m42.8s), 2000/2000 VUs, 1201350 complete and 0 interrupted iterations
ramp   [  71% ] 2000/2000 VUs  2m42.8s/3m50.0s

running (2m43.8s), 2000/2000 VUs, 1208694 complete and 0 interrupted iterations
ramp   [  71% ] 2000/2000 VUs  2m43.8s/3m50.0s

running (2m44.8s), 2000/2000 VUs, 1215867 complete and 0 interrupted iterations
ramp   [  72% ] 2000/2000 VUs  2m44.8s/3m50.0s

running (2m45.8s), 2000/2000 VUs, 1223207 complete and 0 interrupted iterations
ramp   [  72% ] 2000/2000 VUs  2m45.8s/3m50.0s

running (2m46.8s), 2000/2000 VUs, 1230672 complete and 0 interrupted iterations
ramp   [  73% ] 2000/2000 VUs  2m46.8s/3m50.0s

running (2m47.8s), 2000/2000 VUs, 1238309 complete and 0 interrupted iterations
ramp   [  73% ] 2000/2000 VUs  2m47.8s/3m50.0s

running (2m48.8s), 2000/2000 VUs, 1245760 complete and 0 interrupted iterations
ramp   [  73% ] 2000/2000 VUs  2m48.8s/3m50.0s

running (2m49.8s), 2000/2000 VUs, 1253199 complete and 0 interrupted iterations
ramp   [  74% ] 2000/2000 VUs  2m49.8s/3m50.0s

running (2m50.8s), 2000/2000 VUs, 1260263 complete and 0 interrupted iterations
ramp   [  74% ] 2000/2000 VUs  2m50.8s/3m50.0s

running (2m51.8s), 2000/2000 VUs, 1267031 complete and 0 interrupted iterations
ramp   [  75% ] 2000/2000 VUs  2m51.8s/3m50.0s

running (2m52.8s), 2000/2000 VUs, 1274305 complete and 0 interrupted iterations
ramp   [  75% ] 2000/2000 VUs  2m52.8s/3m50.0s

running (2m53.8s), 2000/2000 VUs, 1281698 complete and 0 interrupted iterations
ramp   [  76% ] 2000/2000 VUs  2m53.8s/3m50.0s

running (2m54.8s), 2000/2000 VUs, 1289273 complete and 0 interrupted iterations
ramp   [  76% ] 2000/2000 VUs  2m54.8s/3m50.0s

running (2m55.8s), 2000/2000 VUs, 1296814 complete and 0 interrupted iterations
ramp   [  76% ] 2000/2000 VUs  2m55.8s/3m50.0s

running (2m56.8s), 2000/2000 VUs, 1303945 complete and 0 interrupted iterations
ramp   [  77% ] 2000/2000 VUs  2m56.8s/3m50.0s

running (2m57.8s), 2000/2000 VUs, 1311463 complete and 0 interrupted iterations
ramp   [  77% ] 2000/2000 VUs  2m57.8s/3m50.0s

running (2m58.8s), 2000/2000 VUs, 1318862 complete and 0 interrupted iterations
ramp   [  78% ] 2000/2000 VUs  2m58.8s/3m50.0s

running (2m59.8s), 2000/2000 VUs, 1325790 complete and 0 interrupted iterations
ramp   [  78% ] 2000/2000 VUs  2m59.8s/3m50.0s

running (3m00.8s), 2000/2000 VUs, 1333256 complete and 0 interrupted iterations
ramp   [  79% ] 2000/2000 VUs  3m00.8s/3m50.0s

running (3m01.8s), 2000/2000 VUs, 1340817 complete and 0 interrupted iterations
ramp   [  79% ] 2000/2000 VUs  3m01.8s/3m50.0s

running (3m02.8s), 2000/2000 VUs, 1348543 complete and 0 interrupted iterations
ramp   [  79% ] 2000/2000 VUs  3m02.8s/3m50.0s

running (3m03.8s), 2000/2000 VUs, 1355791 complete and 0 interrupted iterations
ramp   [  80% ] 2000/2000 VUs  3m03.8s/3m50.0s

running (3m04.8s), 2000/2000 VUs, 1363292 complete and 0 interrupted iterations
ramp   [  80% ] 2000/2000 VUs  3m04.8s/3m50.0s

running (3m05.8s), 2000/2000 VUs, 1370696 complete and 0 interrupted iterations
ramp   [  81% ] 2000/2000 VUs  3m05.8s/3m50.0s

running (3m06.8s), 2000/2000 VUs, 1378331 complete and 0 interrupted iterations
ramp   [  81% ] 2000/2000 VUs  3m06.8s/3m50.0s

running (3m07.8s), 2000/2000 VUs, 1386001 complete and 0 interrupted iterations
ramp   [  82% ] 2000/2000 VUs  3m07.8s/3m50.0s

running (3m08.8s), 2000/2000 VUs, 1393887 complete and 0 interrupted iterations
ramp   [  82% ] 2000/2000 VUs  3m08.8s/3m50.0s

running (3m09.8s), 2000/2000 VUs, 1401756 complete and 0 interrupted iterations
ramp   [  83% ] 2000/2000 VUs  3m09.8s/3m50.0s

running (3m10.8s), 2000/2000 VUs, 1409552 complete and 0 interrupted iterations
ramp   [  83% ] 2000/2000 VUs  3m10.8s/3m50.0s

running (3m11.8s), 2000/2000 VUs, 1417420 complete and 0 interrupted iterations
ramp   [  83% ] 2000/2000 VUs  3m11.8s/3m50.0s

running (3m12.8s), 2000/2000 VUs, 1425464 complete and 0 interrupted iterations
ramp   [  84% ] 2000/2000 VUs  3m12.8s/3m50.0s

running (3m13.8s), 2000/2000 VUs, 1433259 complete and 0 interrupted iterations
ramp   [  84% ] 2000/2000 VUs  3m13.8s/3m50.0s

running (3m14.8s), 2000/2000 VUs, 1441215 complete and 0 interrupted iterations
ramp   [  85% ] 2000/2000 VUs  3m14.8s/3m50.0s

running (3m15.8s), 2000/2000 VUs, 1449256 complete and 0 interrupted iterations
ramp   [  85% ] 2000/2000 VUs  3m15.8s/3m50.0s

running (3m16.8s), 2000/2000 VUs, 1457235 complete and 0 interrupted iterations
ramp   [  86% ] 2000/2000 VUs  3m16.8s/3m50.0s

running (3m17.8s), 2000/2000 VUs, 1464884 complete and 0 interrupted iterations
ramp   [  86% ] 2000/2000 VUs  3m17.8s/3m50.0s

running (3m18.8s), 2000/2000 VUs, 1472894 complete and 0 interrupted iterations
ramp   [  86% ] 2000/2000 VUs  3m18.8s/3m50.0s

running (3m19.8s), 2000/2000 VUs, 1480565 complete and 0 interrupted iterations
ramp   [  87% ] 2000/2000 VUs  3m19.8s/3m50.0s

running (3m20.8s), 2000/2000 VUs, 1488318 complete and 0 interrupted iterations
ramp   [  87% ] 2000/2000 VUs  3m20.8s/3m50.0s

running (3m21.8s), 2000/2000 VUs, 1495928 complete and 0 interrupted iterations
ramp   [  88% ] 2000/2000 VUs  3m21.8s/3m50.0s

running (3m22.8s), 2000/2000 VUs, 1503678 complete and 0 interrupted iterations
ramp   [  88% ] 2000/2000 VUs  3m22.8s/3m50.0s

running (3m23.8s), 2000/2000 VUs, 1511237 complete and 0 interrupted iterations
ramp   [  89% ] 2000/2000 VUs  3m23.8s/3m50.0s

running (3m24.8s), 2000/2000 VUs, 1517989 complete and 0 interrupted iterations
ramp   [  89% ] 2000/2000 VUs  3m24.8s/3m50.0s

running (3m25.8s), 2000/2000 VUs, 1525002 complete and 0 interrupted iterations
ramp   [  89% ] 2000/2000 VUs  3m25.8s/3m50.0s

running (3m26.8s), 2000/2000 VUs, 1532704 complete and 0 interrupted iterations
ramp   [  90% ] 2000/2000 VUs  3m26.8s/3m50.0s

running (3m27.8s), 2000/2000 VUs, 1540542 complete and 0 interrupted iterations
ramp   [  90% ] 2000/2000 VUs  3m27.8s/3m50.0s

running (3m28.8s), 2000/2000 VUs, 1548296 complete and 0 interrupted iterations
ramp   [  91% ] 2000/2000 VUs  3m28.8s/3m50.0s

running (3m29.8s), 2000/2000 VUs, 1555851 complete and 0 interrupted iterations
ramp   [  91% ] 2000/2000 VUs  3m29.8s/3m50.0s

running (3m30.8s), 2000/2000 VUs, 1563719 complete and 0 interrupted iterations
ramp   [  92% ] 2000/2000 VUs  3m30.8s/3m50.0s

running (3m31.8s), 2000/2000 VUs, 1571420 complete and 0 interrupted iterations
ramp   [  92% ] 2000/2000 VUs  3m31.8s/3m50.0s

running (3m32.8s), 2000/2000 VUs, 1579004 complete and 0 interrupted iterations
ramp   [  93% ] 2000/2000 VUs  3m32.8s/3m50.0s

running (3m33.8s), 2000/2000 VUs, 1586964 complete and 0 interrupted iterations
ramp   [  93% ] 2000/2000 VUs  3m33.8s/3m50.0s

running (3m34.8s), 2000/2000 VUs, 1594611 complete and 0 interrupted iterations
ramp   [  93% ] 2000/2000 VUs  3m34.8s/3m50.0s

running (3m35.8s), 2000/2000 VUs, 1602537 complete and 0 interrupted iterations
ramp   [  94% ] 2000/2000 VUs  3m35.8s/3m50.0s

running (3m36.8s), 2000/2000 VUs, 1610357 complete and 0 interrupted iterations
ramp   [  94% ] 2000/2000 VUs  3m36.8s/3m50.0s

running (3m37.8s), 2000/2000 VUs, 1618387 complete and 0 interrupted iterations
ramp   [  95% ] 2000/2000 VUs  3m37.8s/3m50.0s

running (3m38.8s), 2000/2000 VUs, 1626014 complete and 0 interrupted iterations
ramp   [  95% ] 2000/2000 VUs  3m38.8s/3m50.0s

running (3m39.8s), 2000/2000 VUs, 1633370 complete and 0 interrupted iterations
ramp   [  96% ] 2000/2000 VUs  3m39.8s/3m50.0s

running (3m40.8s), 1880/2000 VUs, 1641313 complete and 0 interrupted iterations
ramp   [  96% ] 1880/2000 VUs  3m40.8s/3m50.0s

running (3m41.8s), 1670/2000 VUs, 1648519 complete and 0 interrupted iterations
ramp   [  96% ] 1670/2000 VUs  3m41.8s/3m50.0s

running (3m42.8s), 1469/2000 VUs, 1656285 complete and 0 interrupted iterations
ramp   [  97% ] 1469/2000 VUs  3m42.8s/3m50.0s

running (3m43.8s), 1264/2000 VUs, 1664052 complete and 0 interrupted iterations
ramp   [  97% ] 1264/2000 VUs  3m43.8s/3m50.0s

running (3m44.8s), 1056/2000 VUs, 1671857 complete and 0 interrupted iterations
ramp   [  98% ] 1056/2000 VUs  3m44.8s/3m50.0s

running (3m45.8s), 0854/2000 VUs, 1679640 complete and 0 interrupted iterations
ramp   [  98% ] 0854/2000 VUs  3m45.8s/3m50.0s

running (3m46.8s), 0654/2000 VUs, 1687454 complete and 0 interrupted iterations
ramp   [  99% ] 0654/2000 VUs  3m46.8s/3m50.0s

running (3m47.8s), 0450/2000 VUs, 1695357 complete and 0 interrupted iterations
ramp   [  99% ] 0450/2000 VUs  3m47.8s/3m50.0s

running (3m48.8s), 0253/2000 VUs, 1703022 complete and 0 interrupted iterations
ramp   [  99% ] 0253/2000 VUs  3m48.8s/3m50.0s

running (3m49.8s), 0038/2000 VUs, 1711214 complete and 0 interrupted iterations
ramp   [ 100% ] 0038/2000 VUs  3m49.8s/3m50.0s

running (3m50.0s), 0000/2000 VUs, 1712063 complete and 0 interrupted iterations
ramp ✓ [ 100% ] 0000/2000 VUs  3m50s


  █ THRESHOLDS 

    http_req_failed
    ✓ 'rate<0.005' rate=0.00%


  █ TOTAL RESULTS 

    checks_total.......: 1712063 7443.685677/s
    checks_succeeded...: 100.00% 1712063 out of 1712063
    checks_failed......: 0.00%   0 out of 1712063

    ✓ status is 201

    HTTP
    http_req_duration..............: avg=149.62ms med=55.98ms p(90)=378.42ms p(95)=495.21ms p(99)=794.16ms p(99.9)=1.21s max=2.82s
      { expected_response:true }...: avg=149.62ms med=55.98ms p(90)=378.42ms p(95)=495.21ms p(99)=794.16ms p(99.9)=1.21s max=2.82s
    http_req_failed................: 0.00%   0 out of 1712063
    http_reqs......................: 1712063 7443.685677/s

    EXECUTION
    iteration_duration.............: avg=149.78ms med=56.13ms p(90)=378.61ms p(95)=495.41ms p(99)=794.34ms p(99.9)=1.21s max=2.82s
    iterations.....................: 1712063 7443.685677/s
    vus............................: 38      min=38           max=2000
    vus_max........................: 2000    min=2000         max=2000

    NETWORK
    data_received..................: 220 MB  955 kB/s
    data_sent......................: 284 MB  1.2 MB/s




running (3m50.0s), 0000/2000 VUs, 1712063 complete and 0 interrupted iterations
ramp ✓ [ 100% ] 0000/2000 VUs  3m50s
