
         /\      Grafana   /‾‾/  
    /\  /  \     |\  __   /  /   
   /  \/    \    | |/ /  /   ‾‾\ 
  /          \   |   (  |  (‾)  |
 / __________ \  |_|\_\  \_____/ 


     execution: local
        script: k6/read.js
        output: -

     scenarios: (100.00%) 1 scenario, 2000 max VUs, 32s max duration (incl. graceful stop):
              * ramp: Up to 2000 looping VUs for 27s over 7 stages (gracefulRampDown: 5s, gracefulStop: 30s)


running (00.9s), 0145/2000 VUs, 551 complete and 0 interrupted iterations
ramp   [   3% ] 0145/2000 VUs  00.9s/27.0s

running (01.9s), 0311/2000 VUs, 2703 complete and 0 interrupted iterations
ramp   [   7% ] 0311/2000 VUs  01.9s/27.0s

running (02.9s), 0478/2000 VUs, 6483 complete and 0 interrupted iterations
ramp   [  11% ] 0478/2000 VUs  02.9s/27.0s

running (03.9s), 0500/2000 VUs, 11344 complete and 0 interrupted iterations
ramp   [  14% ] 0500/2000 VUs  03.9s/27.0s

running (04.9s), 0500/2000 VUs, 16208 complete and 0 interrupted iterations
ramp   [  18% ] 0500/2000 VUs  04.9s/27.0s

running (05.9s), 0500/2000 VUs, 21114 complete and 0 interrupted iterations
ramp   [  22% ] 0500/2000 VUs  05.9s/27.0s

running (06.9s), 0500/2000 VUs, 25943 complete and 0 interrupted iterations
ramp   [  25% ] 0500/2000 VUs  06.9s/27.0s

running (07.9s), 0500/2000 VUs, 30766 complete and 0 interrupted iterations
ramp   [  29% ] 0500/2000 VUs  07.9s/27.0s

running (08.9s), 0644/2000 VUs, 36163 complete and 0 interrupted iterations
ramp   [  33% ] 0644/2000 VUs  08.9s/27.0s

running (09.9s), 0811/2000 VUs, 42741 complete and 0 interrupted iterations
ramp   [  37% ] 0811/2000 VUs  09.9s/27.0s

running (10.9s), 0978/2000 VUs, 50671 complete and 0 interrupted iterations
ramp   [  40% ] 0978/2000 VUs  10.9s/27.0s

running (11.9s), 1000/2000 VUs, 58312 complete and 0 interrupted iterations
ramp   [  44% ] 1000/2000 VUs  11.9s/27.0s

running (12.9s), 1000/2000 VUs, 66647 complete and 0 interrupted iterations
ramp   [  48% ] 1000/2000 VUs  12.9s/27.0s

running (13.9s), 1000/2000 VUs, 74695 complete and 0 interrupted iterations
ramp   [  51% ] 1000/2000 VUs  13.9s/27.0s

running (14.9s), 1000/2000 VUs, 83141 complete and 0 interrupted iterations
ramp   [  55% ] 1000/2000 VUs  14.9s/27.0s

running (15.9s), 1000/2000 VUs, 91012 complete and 0 interrupted iterations
ramp   [  59% ] 1000/2000 VUs  15.9s/27.0s

running (16.9s), 1289/2000 VUs, 99380 complete and 0 interrupted iterations
ramp   [  62% ] 1289/2000 VUs  16.9s/27.0s

running (17.9s), 1623/2000 VUs, 107335 complete and 0 interrupted iterations
ramp   [  66% ] 1623/2000 VUs  17.9s/27.0s

running (18.9s), 1956/2000 VUs, 115400 complete and 0 interrupted iterations
ramp   [  70% ] 1956/2000 VUs  18.9s/27.0s

running (19.9s), 2000/2000 VUs, 123332 complete and 0 interrupted iterations
ramp   [  74% ] 2000/2000 VUs  19.9s/27.0s

running (20.9s), 2000/2000 VUs, 131480 complete and 0 interrupted iterations
ramp   [  77% ] 2000/2000 VUs  20.9s/27.0s

running (21.9s), 2000/2000 VUs, 139303 complete and 0 interrupted iterations
ramp   [  81% ] 2000/2000 VUs  21.9s/27.0s

running (22.9s), 2000/2000 VUs, 147648 complete and 0 interrupted iterations
ramp   [  85% ] 2000/2000 VUs  22.9s/27.0s

running (23.9s), 2000/2000 VUs, 155514 complete and 0 interrupted iterations
ramp   [  88% ] 2000/2000 VUs  23.9s/27.0s

running (24.9s), 1501/2000 VUs, 163648 complete and 0 interrupted iterations
ramp   [  92% ] 1501/2000 VUs  24.9s/27.0s

running (25.9s), 0790/2000 VUs, 171552 complete and 0 interrupted iterations
ramp   [  96% ] 0790/2000 VUs  25.9s/27.0s

running (26.9s), 0122/2000 VUs, 176311 complete and 0 interrupted iterations
ramp   [ 100% ] 0122/2000 VUs  26.9s/27.0s


  █ THRESHOLDS 

    http_req_failed
    ✓ 'rate<0.005' rate=0.00%


  █ TOTAL RESULTS 

    checks_total.......: 176484  6515.115721/s
    checks_succeeded...: 100.00% 176484 out of 176484
    checks_failed......: 0.00%   0 out of 176484

    ✓ status is 200

    HTTP
    http_req_duration..............: avg=58.45ms  med=13.84ms  p(90)=254.95ms p(95)=278.93ms p(99)=313.8ms  p(99.9)=368.19ms max=450.38ms
      { expected_response:true }...: avg=58.45ms  med=13.84ms  p(90)=254.95ms p(95)=278.93ms p(99)=313.8ms  p(99.9)=368.19ms max=450.38ms
    http_req_failed................: 0.00%  0 out of 176484
    http_reqs......................: 176484 6515.115721/s

    EXECUTION
    iteration_duration.............: avg=159.56ms med=114.92ms p(90)=356.5ms  p(95)=380.84ms p(99)=419.04ms p(99.9)=474.36ms max=550.9ms 
    iterations.....................: 176484 6515.115721/s
    vus............................: 122    min=122         max=2000
    vus_max........................: 2000   min=2000        max=2000

    NETWORK
    data_received..................: 27 MB  1.0 MB/s
    data_sent......................: 14 MB  521 kB/s




running (27.1s), 0000/2000 VUs, 176484 complete and 0 interrupted iterations
ramp ✓ [ 100% ] 0000/2000 VUs  27s
