
         /\      Grafana   /‾‾/  
    /\  /  \     |\  __   /  /   
   /  \/    \    | |/ /  /   ‾‾\ 
  /          \   |   (  |  (‾)  |
 / __________ \  |_|\_\  \_____/ 


     execution: local
        script: k6/write.js
        output: -

     scenarios: (100.00%) 1 scenario, 2000 max VUs, 4m20s max duration (incl. graceful stop):
              * ramp: Up to 2000 looping VUs for 3m50s over 7 stages (gracefulRampDown: 30s, gracefulStop: 30s)


running (0m00.9s), 0044/2000 VUs, 644 complete and 0 interrupted iterations
ramp   [   0% ] 0044/2000 VUs  0m00.9s/3m50.0s

running (0m01.9s), 0094/2000 VUs, 2254 complete and 0 interrupted iterations
ramp   [   1% ] 0094/2000 VUs  0m01.9s/3m50.0s

running (0m02.9s), 0144/2000 VUs, 4207 complete and 0 interrupted iterations
ramp   [   1% ] 0144/2000 VUs  0m02.9s/3m50.0s

running (0m03.9s), 0193/2000 VUs, 6264 complete and 0 interrupted iterations
ramp   [   2% ] 0193/2000 VUs  0m03.9s/3m50.0s

running (0m04.9s), 0243/2000 VUs, 8357 complete and 0 interrupted iterations
ramp   [   2% ] 0243/2000 VUs  0m04.9s/3m50.0s

running (0m05.9s), 0293/2000 VUs, 10315 complete and 0 interrupted iterations
ramp   [   3% ] 0293/2000 VUs  0m05.9s/3m50.0s

running (0m06.9s), 0343/2000 VUs, 11989 complete and 0 interrupted iterations
ramp   [   3% ] 0343/2000 VUs  0m06.9s/3m50.0s

running (0m07.9s), 0393/2000 VUs, 13551 complete and 0 interrupted iterations
ramp   [   3% ] 0393/2000 VUs  0m07.9s/3m50.0s

running (0m08.9s), 0443/2000 VUs, 15158 complete and 0 interrupted iterations
ramp   [   4% ] 0443/2000 VUs  0m08.9s/3m50.0s

running (0m09.9s), 0493/2000 VUs, 17008 complete and 0 interrupted iterations
ramp   [   4% ] 0493/2000 VUs  0m09.9s/3m50.0s

running (0m10.9s), 0500/2000 VUs, 18699 complete and 0 interrupted iterations
ramp   [   5% ] 0500/2000 VUs  0m10.9s/3m50.0s

running (0m11.9s), 0500/2000 VUs, 20533 complete and 0 interrupted iterations
ramp   [   5% ] 0500/2000 VUs  0m11.9s/3m50.0s

running (0m12.9s), 0500/2000 VUs, 22505 complete and 0 interrupted iterations
ramp   [   6% ] 0500/2000 VUs  0m12.9s/3m50.0s

running (0m13.9s), 0500/2000 VUs, 24456 complete and 0 interrupted iterations
ramp   [   6% ] 0500/2000 VUs  0m13.9s/3m50.0s

running (0m14.9s), 0500/2000 VUs, 26069 complete and 0 interrupted iterations
ramp   [   6% ] 0500/2000 VUs  0m14.9s/3m50.0s

running (0m15.9s), 0500/2000 VUs, 27975 complete and 0 interrupted iterations
ramp   [   7% ] 0500/2000 VUs  0m15.9s/3m50.0s

running (0m16.9s), 0500/2000 VUs, 30016 complete and 0 interrupted iterations
ramp   [   7% ] 0500/2000 VUs  0m16.9s/3m50.0s

running (0m17.9s), 0500/2000 VUs, 32110 complete and 0 interrupted iterations
ramp   [   8% ] 0500/2000 VUs  0m17.9s/3m50.0s

running (0m18.9s), 0500/2000 VUs, 33874 complete and 0 interrupted iterations
ramp   [   8% ] 0500/2000 VUs  0m18.9s/3m50.0s

running (0m19.9s), 0500/2000 VUs, 35714 complete and 0 interrupted iterations
ramp   [   9% ] 0500/2000 VUs  0m19.9s/3m50.0s

running (0m20.9s), 0500/2000 VUs, 37750 complete and 0 interrupted iterations
ramp   [   9% ] 0500/2000 VUs  0m20.9s/3m50.0s

running (0m21.9s), 0500/2000 VUs, 39923 complete and 0 interrupted iterations
ramp   [  10% ] 0500/2000 VUs  0m21.9s/3m50.0s

running (0m22.9s), 0500/2000 VUs, 42088 complete and 0 interrupted iterations
ramp   [  10% ] 0500/2000 VUs  0m22.9s/3m50.0s

running (0m23.9s), 0500/2000 VUs, 44178 complete and 0 interrupted iterations
ramp   [  10% ] 0500/2000 VUs  0m23.9s/3m50.0s

running (0m24.9s), 0500/2000 VUs, 45943 complete and 0 interrupted iterations
ramp   [  11% ] 0500/2000 VUs  0m24.9s/3m50.0s

running (0m25.9s), 0500/2000 VUs, 47858 complete and 0 interrupted iterations
ramp   [  11% ] 0500/2000 VUs  0m25.9s/3m50.0s

running (0m26.9s), 0500/2000 VUs, 49709 complete and 0 interrupted iterations
ramp   [  12% ] 0500/2000 VUs  0m26.9s/3m50.0s

running (0m27.9s), 0500/2000 VUs, 51706 complete and 0 interrupted iterations
ramp   [  12% ] 0500/2000 VUs  0m27.9s/3m50.0s

running (0m28.9s), 0500/2000 VUs, 53726 complete and 0 interrupted iterations
ramp   [  13% ] 0500/2000 VUs  0m28.9s/3m50.0s

running (0m29.9s), 0500/2000 VUs, 55854 complete and 0 interrupted iterations
ramp   [  13% ] 0500/2000 VUs  0m29.9s/3m50.0s

running (0m30.9s), 0500/2000 VUs, 57653 complete and 0 interrupted iterations
ramp   [  13% ] 0500/2000 VUs  0m30.9s/3m50.0s

running (0m31.9s), 0500/2000 VUs, 59476 complete and 0 interrupted iterations
ramp   [  14% ] 0500/2000 VUs  0m31.9s/3m50.0s

running (0m32.9s), 0500/2000 VUs, 61427 complete and 0 interrupted iterations
ramp   [  14% ] 0500/2000 VUs  0m32.9s/3m50.0s

running (0m33.9s), 0500/2000 VUs, 63291 complete and 0 interrupted iterations
ramp   [  15% ] 0500/2000 VUs  0m33.9s/3m50.0s

running (0m34.9s), 0500/2000 VUs, 65072 complete and 0 interrupted iterations
ramp   [  15% ] 0500/2000 VUs  0m34.9s/3m50.0s

running (0m35.9s), 0500/2000 VUs, 66993 complete and 0 interrupted iterations
ramp   [  16% ] 0500/2000 VUs  0m35.9s/3m50.0s

running (0m36.9s), 0500/2000 VUs, 69059 complete and 0 interrupted iterations
ramp   [  16% ] 0500/2000 VUs  0m36.9s/3m50.0s

running (0m37.9s), 0500/2000 VUs, 71174 complete and 0 interrupted iterations
ramp   [  16% ] 0500/2000 VUs  0m37.9s/3m50.0s

running (0m38.9s), 0500/2000 VUs, 73261 complete and 0 interrupted iterations
ramp   [  17% ] 0500/2000 VUs  0m38.9s/3m50.0s

running (0m39.9s), 0500/2000 VUs, 75281 complete and 0 interrupted iterations
ramp   [  17% ] 0500/2000 VUs  0m39.9s/3m50.0s

running (0m40.9s), 0500/2000 VUs, 77160 complete and 0 interrupted iterations
ramp   [  18% ] 0500/2000 VUs  0m40.9s/3m50.0s

running (0m41.9s), 0500/2000 VUs, 78962 complete and 0 interrupted iterations
ramp   [  18% ] 0500/2000 VUs  0m41.9s/3m50.0s

running (0m42.9s), 0500/2000 VUs, 80771 complete and 0 interrupted iterations
ramp   [  19% ] 0500/2000 VUs  0m42.9s/3m50.0s

running (0m43.9s), 0500/2000 VUs, 82522 complete and 0 interrupted iterations
ramp   [  19% ] 0500/2000 VUs  0m43.9s/3m50.0s

running (0m44.9s), 0500/2000 VUs, 84403 complete and 0 interrupted iterations
ramp   [  20% ] 0500/2000 VUs  0m44.9s/3m50.0s

running (0m45.9s), 0500/2000 VUs, 86200 complete and 0 interrupted iterations
ramp   [  20% ] 0500/2000 VUs  0m45.9s/3m50.0s

running (0m46.9s), 0500/2000 VUs, 88134 complete and 0 interrupted iterations
ramp   [  20% ] 0500/2000 VUs  0m46.9s/3m50.0s

running (0m47.9s), 0500/2000 VUs, 90001 complete and 0 interrupted iterations
ramp   [  21% ] 0500/2000 VUs  0m47.9s/3m50.0s

running (0m48.9s), 0500/2000 VUs, 91646 complete and 0 interrupted iterations
ramp   [  21% ] 0500/2000 VUs  0m48.9s/3m50.0s

running (0m49.9s), 0500/2000 VUs, 93404 complete and 0 interrupted iterations
ramp   [  22% ] 0500/2000 VUs  0m49.9s/3m50.0s

running (0m50.9s), 0500/2000 VUs, 95449 complete and 0 interrupted iterations
ramp   [  22% ] 0500/2000 VUs  0m50.9s/3m50.0s

running (0m51.9s), 0500/2000 VUs, 97528 complete and 0 interrupted iterations
ramp   [  23% ] 0500/2000 VUs  0m51.9s/3m50.0s

running (0m52.9s), 0500/2000 VUs, 99424 complete and 0 interrupted iterations
ramp   [  23% ] 0500/2000 VUs  0m52.9s/3m50.0s

running (0m53.9s), 0500/2000 VUs, 101244 complete and 0 interrupted iterations
ramp   [  23% ] 0500/2000 VUs  0m53.9s/3m50.0s

running (0m54.9s), 0500/2000 VUs, 102947 complete and 0 interrupted iterations
ramp   [  24% ] 0500/2000 VUs  0m54.9s/3m50.0s

running (0m55.9s), 0500/2000 VUs, 104945 complete and 0 interrupted iterations
ramp   [  24% ] 0500/2000 VUs  0m55.9s/3m50.0s

running (0m56.9s), 0500/2000 VUs, 107037 complete and 0 interrupted iterations
ramp   [  25% ] 0500/2000 VUs  0m56.9s/3m50.0s

running (0m57.9s), 0500/2000 VUs, 109103 complete and 0 interrupted iterations
ramp   [  25% ] 0500/2000 VUs  0m57.9s/3m50.0s

running (0m58.9s), 0500/2000 VUs, 111136 complete and 0 interrupted iterations
ramp   [  26% ] 0500/2000 VUs  0m58.9s/3m50.0s

running (0m59.9s), 0500/2000 VUs, 113190 complete and 0 interrupted iterations
ramp   [  26% ] 0500/2000 VUs  0m59.9s/3m50.0s

running (1m00.9s), 0500/2000 VUs, 115304 complete and 0 interrupted iterations
ramp   [  26% ] 0500/2000 VUs  1m00.9s/3m50.0s

running (1m01.9s), 0500/2000 VUs, 117263 complete and 0 interrupted iterations
ramp   [  27% ] 0500/2000 VUs  1m01.9s/3m50.0s

running (1m02.9s), 0500/2000 VUs, 119211 complete and 0 interrupted iterations
ramp   [  27% ] 0500/2000 VUs  1m02.9s/3m50.0s

running (1m03.9s), 0500/2000 VUs, 121217 complete and 0 interrupted iterations
ramp   [  28% ] 0500/2000 VUs  1m03.9s/3m50.0s

running (1m04.9s), 0500/2000 VUs, 123255 complete and 0 interrupted iterations
ramp   [  28% ] 0500/2000 VUs  1m04.9s/3m50.0s

running (1m05.9s), 0500/2000 VUs, 125354 complete and 0 interrupted iterations
ramp   [  29% ] 0500/2000 VUs  1m05.9s/3m50.0s

running (1m06.9s), 0500/2000 VUs, 127468 complete and 0 interrupted iterations
ramp   [  29% ] 0500/2000 VUs  1m06.9s/3m50.0s

running (1m07.9s), 0500/2000 VUs, 129556 complete and 0 interrupted iterations
ramp   [  30% ] 0500/2000 VUs  1m07.9s/3m50.0s

running (1m08.9s), 0500/2000 VUs, 131518 complete and 0 interrupted iterations
ramp   [  30% ] 0500/2000 VUs  1m08.9s/3m50.0s

running (1m09.9s), 0500/2000 VUs, 133548 complete and 0 interrupted iterations
ramp   [  30% ] 0500/2000 VUs  1m09.9s/3m50.0s

running (1m10.9s), 0528/2000 VUs, 135552 complete and 0 interrupted iterations
ramp   [  31% ] 0528/2000 VUs  1m10.9s/3m50.0s

running (1m11.9s), 0562/2000 VUs, 137368 complete and 0 interrupted iterations
ramp   [  31% ] 0562/2000 VUs  1m11.9s/3m50.0s

running (1m12.9s), 0595/2000 VUs, 139066 complete and 0 interrupted iterations
ramp   [  32% ] 0595/2000 VUs  1m12.9s/3m50.0s

running (1m13.9s), 0628/2000 VUs, 140948 complete and 0 interrupted iterations
ramp   [  32% ] 0628/2000 VUs  1m13.9s/3m50.0s

running (1m14.9s), 0662/2000 VUs, 142898 complete and 0 interrupted iterations
ramp   [  33% ] 0662/2000 VUs  1m14.9s/3m50.0s

running (1m15.9s), 0695/2000 VUs, 144954 complete and 0 interrupted iterations
ramp   [  33% ] 0695/2000 VUs  1m15.9s/3m50.0s

running (1m16.9s), 0728/2000 VUs, 146596 complete and 0 interrupted iterations
ramp   [  33% ] 0728/2000 VUs  1m16.9s/3m50.0s

running (1m17.9s), 0762/2000 VUs, 148338 complete and 0 interrupted iterations
ramp   [  34% ] 0762/2000 VUs  1m17.9s/3m50.0s

running (1m18.9s), 0795/2000 VUs, 149998 complete and 0 interrupted iterations
ramp   [  34% ] 0795/2000 VUs  1m18.9s/3m50.0s

running (1m19.9s), 0828/2000 VUs, 151606 complete and 0 interrupted iterations
ramp   [  35% ] 0828/2000 VUs  1m19.9s/3m50.0s

running (1m20.9s), 0862/2000 VUs, 153295 complete and 0 interrupted iterations
ramp   [  35% ] 0862/2000 VUs  1m20.9s/3m50.0s

running (1m21.9s), 0895/2000 VUs, 155266 complete and 0 interrupted iterations
ramp   [  36% ] 0895/2000 VUs  1m21.9s/3m50.0s

running (1m22.9s), 0928/2000 VUs, 157132 complete and 0 interrupted iterations
ramp   [  36% ] 0928/2000 VUs  1m22.9s/3m50.0s

running (1m23.9s), 0962/2000 VUs, 158987 complete and 0 interrupted iterations
ramp   [  36% ] 0962/2000 VUs  1m23.9s/3m50.0s

running (1m24.9s), 0995/2000 VUs, 160726 complete and 0 interrupted iterations
ramp   [  37% ] 0995/2000 VUs  1m24.9s/3m50.0s

running (1m25.9s), 1000/2000 VUs, 162445 complete and 0 interrupted iterations
ramp   [  37% ] 1000/2000 VUs  1m25.9s/3m50.0s

running (1m26.9s), 1000/2000 VUs, 164083 complete and 0 interrupted iterations
ramp   [  38% ] 1000/2000 VUs  1m26.9s/3m50.0s

running (1m27.9s), 1000/2000 VUs, 165861 complete and 0 interrupted iterations
ramp   [  38% ] 1000/2000 VUs  1m27.9s/3m50.0s

running (1m28.9s), 1000/2000 VUs, 167633 complete and 0 interrupted iterations
ramp   [  39% ] 1000/2000 VUs  1m28.9s/3m50.0s

running (1m29.9s), 1000/2000 VUs, 169630 complete and 0 interrupted iterations
ramp   [  39% ] 1000/2000 VUs  1m29.9s/3m50.0s

running (1m30.9s), 1000/2000 VUs, 171711 complete and 0 interrupted iterations
ramp   [  40% ] 1000/2000 VUs  1m30.9s/3m50.0s

running (1m31.9s), 1000/2000 VUs, 173711 complete and 0 interrupted iterations
ramp   [  40% ] 1000/2000 VUs  1m31.9s/3m50.0s

running (1m32.9s), 1000/2000 VUs, 175686 complete and 0 interrupted iterations
ramp   [  40% ] 1000/2000 VUs  1m32.9s/3m50.0s

running (1m33.9s), 1000/2000 VUs, 177608 complete and 0 interrupted iterations
ramp   [  41% ] 1000/2000 VUs  1m33.9s/3m50.0s

running (1m34.9s), 1000/2000 VUs, 179647 complete and 0 interrupted iterations
ramp   [  41% ] 1000/2000 VUs  1m34.9s/3m50.0s

running (1m35.9s), 1000/2000 VUs, 181695 complete and 0 interrupted iterations
ramp   [  42% ] 1000/2000 VUs  1m35.9s/3m50.0s

running (1m36.9s), 1000/2000 VUs, 183675 complete and 0 interrupted iterations
ramp   [  42% ] 1000/2000 VUs  1m36.9s/3m50.0s

running (1m37.9s), 1000/2000 VUs, 185598 complete and 0 interrupted iterations
ramp   [  43% ] 1000/2000 VUs  1m37.9s/3m50.0s

running (1m38.9s), 1000/2000 VUs, 187659 complete and 0 interrupted iterations
ramp   [  43% ] 1000/2000 VUs  1m38.9s/3m50.0s

running (1m39.9s), 1000/2000 VUs, 189722 complete and 0 interrupted iterations
ramp   [  43% ] 1000/2000 VUs  1m39.9s/3m50.0s

running (1m40.9s), 1000/2000 VUs, 191441 complete and 0 interrupted iterations
ramp   [  44% ] 1000/2000 VUs  1m40.9s/3m50.0s

running (1m41.9s), 1000/2000 VUs, 193144 complete and 0 interrupted iterations
ramp   [  44% ] 1000/2000 VUs  1m41.9s/3m50.0s

running (1m42.9s), 1000/2000 VUs, 194756 complete and 0 interrupted iterations
ramp   [  45% ] 1000/2000 VUs  1m42.9s/3m50.0s

running (1m43.9s), 1000/2000 VUs, 196353 complete and 0 interrupted iterations
ramp   [  45% ] 1000/2000 VUs  1m43.9s/3m50.0s

running (1m44.9s), 1000/2000 VUs, 198153 complete and 0 interrupted iterations
ramp   [  46% ] 1000/2000 VUs  1m44.9s/3m50.0s

running (1m45.9s), 1000/2000 VUs, 200205 complete and 0 interrupted iterations
ramp   [  46% ] 1000/2000 VUs  1m45.9s/3m50.0s

running (1m46.9s), 1000/2000 VUs, 202096 complete and 0 interrupted iterations
ramp   [  46% ] 1000/2000 VUs  1m46.9s/3m50.0s

running (1m47.9s), 1000/2000 VUs, 203877 complete and 0 interrupted iterations
ramp   [  47% ] 1000/2000 VUs  1m47.9s/3m50.0s

running (1m48.9s), 1000/2000 VUs, 205642 complete and 0 interrupted iterations
ramp   [  47% ] 1000/2000 VUs  1m48.9s/3m50.0s

running (1m49.9s), 1000/2000 VUs, 207399 complete and 0 interrupted iterations
ramp   [  48% ] 1000/2000 VUs  1m49.9s/3m50.0s

running (1m50.9s), 1000/2000 VUs, 209234 complete and 0 interrupted iterations
ramp   [  48% ] 1000/2000 VUs  1m50.9s/3m50.0s

running (1m51.9s), 1000/2000 VUs, 210861 complete and 0 interrupted iterations
ramp   [  49% ] 1000/2000 VUs  1m51.9s/3m50.0s

running (1m52.9s), 1000/2000 VUs, 212658 complete and 0 interrupted iterations
ramp   [  49% ] 1000/2000 VUs  1m52.9s/3m50.0s

running (1m53.9s), 1000/2000 VUs, 214325 complete and 0 interrupted iterations
ramp   [  50% ] 1000/2000 VUs  1m53.9s/3m50.0s

running (1m54.9s), 1000/2000 VUs, 216122 complete and 0 interrupted iterations
ramp   [  50% ] 1000/2000 VUs  1m54.9s/3m50.0s

running (1m55.9s), 1000/2000 VUs, 217770 complete and 0 interrupted iterations
ramp   [  50% ] 1000/2000 VUs  1m55.9s/3m50.0s

running (1m56.9s), 1000/2000 VUs, 219596 complete and 0 interrupted iterations
ramp   [  51% ] 1000/2000 VUs  1m56.9s/3m50.0s

running (1m57.9s), 1000/2000 VUs, 221368 complete and 0 interrupted iterations
ramp   [  51% ] 1000/2000 VUs  1m57.9s/3m50.0s

running (1m58.9s), 1000/2000 VUs, 223098 complete and 0 interrupted iterations
ramp   [  52% ] 1000/2000 VUs  1m58.9s/3m50.0s

running (1m59.9s), 1000/2000 VUs, 224886 complete and 0 interrupted iterations
ramp   [  52% ] 1000/2000 VUs  1m59.9s/3m50.0s

running (2m00.9s), 1000/2000 VUs, 226664 complete and 0 interrupted iterations
ramp   [  53% ] 1000/2000 VUs  2m00.9s/3m50.0s

running (2m01.9s), 1000/2000 VUs, 228539 complete and 0 interrupted iterations
ramp   [  53% ] 1000/2000 VUs  2m01.9s/3m50.0s

running (2m02.9s), 1000/2000 VUs, 230644 complete and 0 interrupted iterations
ramp   [  53% ] 1000/2000 VUs  2m02.9s/3m50.0s

running (2m03.9s), 1000/2000 VUs, 232501 complete and 0 interrupted iterations
ramp   [  54% ] 1000/2000 VUs  2m03.9s/3m50.0s

running (2m04.9s), 1000/2000 VUs, 234269 complete and 0 interrupted iterations
ramp   [  54% ] 1000/2000 VUs  2m04.9s/3m50.0s

running (2m05.9s), 1000/2000 VUs, 236096 complete and 0 interrupted iterations
ramp   [  55% ] 1000/2000 VUs  2m05.9s/3m50.0s

running (2m06.9s), 1000/2000 VUs, 237865 complete and 0 interrupted iterations
ramp   [  55% ] 1000/2000 VUs  2m06.9s/3m50.0s

running (2m07.9s), 1000/2000 VUs, 239598 complete and 0 interrupted iterations
ramp   [  56% ] 1000/2000 VUs  2m07.9s/3m50.0s

running (2m08.9s), 1000/2000 VUs, 241365 complete and 0 interrupted iterations
ramp   [  56% ] 1000/2000 VUs  2m08.9s/3m50.0s

running (2m09.9s), 1000/2000 VUs, 243382 complete and 0 interrupted iterations
ramp   [  56% ] 1000/2000 VUs  2m09.9s/3m50.0s

running (2m10.9s), 1000/2000 VUs, 245323 complete and 0 interrupted iterations
ramp   [  57% ] 1000/2000 VUs  2m10.9s/3m50.0s

running (2m11.9s), 1000/2000 VUs, 247349 complete and 0 interrupted iterations
ramp   [  57% ] 1000/2000 VUs  2m11.9s/3m50.0s

running (2m12.9s), 1000/2000 VUs, 249059 complete and 0 interrupted iterations
ramp   [  58% ] 1000/2000 VUs  2m12.9s/3m50.0s

running (2m13.9s), 1000/2000 VUs, 250658 complete and 0 interrupted iterations
ramp   [  58% ] 1000/2000 VUs  2m13.9s/3m50.0s

running (2m14.9s), 1000/2000 VUs, 252474 complete and 0 interrupted iterations
ramp   [  59% ] 1000/2000 VUs  2m14.9s/3m50.0s

running (2m15.9s), 1000/2000 VUs, 254390 complete and 0 interrupted iterations
ramp   [  59% ] 1000/2000 VUs  2m15.9s/3m50.0s

running (2m16.9s), 1000/2000 VUs, 256416 complete and 0 interrupted iterations
ramp   [  60% ] 1000/2000 VUs  2m16.9s/3m50.0s

running (2m17.9s), 1000/2000 VUs, 258584 complete and 0 interrupted iterations
ramp   [  60% ] 1000/2000 VUs  2m17.9s/3m50.0s

running (2m18.9s), 1000/2000 VUs, 260595 complete and 0 interrupted iterations
ramp   [  60% ] 1000/2000 VUs  2m18.9s/3m50.0s

running (2m19.9s), 1000/2000 VUs, 262383 complete and 0 interrupted iterations
ramp   [  61% ] 1000/2000 VUs  2m19.9s/3m50.0s

running (2m20.9s), 1000/2000 VUs, 264333 complete and 0 interrupted iterations
ramp   [  61% ] 1000/2000 VUs  2m20.9s/3m50.0s

running (2m21.9s), 1000/2000 VUs, 266402 complete and 0 interrupted iterations
ramp   [  62% ] 1000/2000 VUs  2m21.9s/3m50.0s

running (2m22.9s), 1000/2000 VUs, 268504 complete and 0 interrupted iterations
ramp   [  62% ] 1000/2000 VUs  2m22.9s/3m50.0s

running (2m23.9s), 1000/2000 VUs, 270297 complete and 0 interrupted iterations
ramp   [  63% ] 1000/2000 VUs  2m23.9s/3m50.0s

running (2m24.9s), 1000/2000 VUs, 272299 complete and 0 interrupted iterations
ramp   [  63% ] 1000/2000 VUs  2m24.9s/3m50.0s

running (2m25.9s), 1057/2000 VUs, 274229 complete and 0 interrupted iterations
ramp   [  63% ] 1057/2000 VUs  2m25.9s/3m50.0s

running (2m26.9s), 1124/2000 VUs, 276367 complete and 0 interrupted iterations
ramp   [  64% ] 1124/2000 VUs  2m26.9s/3m50.0s

running (2m27.9s), 1191/2000 VUs, 278544 complete and 0 interrupted iterations
ramp   [  64% ] 1191/2000 VUs  2m27.9s/3m50.0s

running (2m28.9s), 1257/2000 VUs, 280661 complete and 0 interrupted iterations
ramp   [  65% ] 1257/2000 VUs  2m28.9s/3m50.0s

running (2m29.9s), 1324/2000 VUs, 282678 complete and 0 interrupted iterations
ramp   [  65% ] 1324/2000 VUs  2m29.9s/3m50.0s

running (2m30.9s), 1391/2000 VUs, 284800 complete and 0 interrupted iterations
ramp   [  66% ] 1391/2000 VUs  2m30.9s/3m50.0s

running (2m31.9s), 1457/2000 VUs, 286910 complete and 0 interrupted iterations
ramp   [  66% ] 1457/2000 VUs  2m31.9s/3m50.0s

running (2m32.9s), 1524/2000 VUs, 289077 complete and 0 interrupted iterations
ramp   [  66% ] 1524/2000 VUs  2m32.9s/3m50.0s

running (2m33.9s), 1591/2000 VUs, 291205 complete and 0 interrupted iterations
ramp   [  67% ] 1591/2000 VUs  2m33.9s/3m50.0s

running (2m34.9s), 1657/2000 VUs, 293377 complete and 0 interrupted iterations
ramp   [  67% ] 1657/2000 VUs  2m34.9s/3m50.0s

running (2m35.9s), 1724/2000 VUs, 295364 complete and 0 interrupted iterations
ramp   [  68% ] 1724/2000 VUs  2m35.9s/3m50.0s

running (2m36.9s), 1791/2000 VUs, 297449 complete and 0 interrupted iterations
ramp   [  68% ] 1791/2000 VUs  2m36.9s/3m50.0s

running (2m37.9s), 1857/2000 VUs, 299255 complete and 0 interrupted iterations
ramp   [  69% ] 1857/2000 VUs  2m37.9s/3m50.0s

running (2m38.9s), 1924/2000 VUs, 301028 complete and 0 interrupted iterations
ramp   [  69% ] 1924/2000 VUs  2m38.9s/3m50.0s

running (2m39.9s), 1991/2000 VUs, 302932 complete and 0 interrupted iterations
ramp   [  70% ] 1991/2000 VUs  2m39.9s/3m50.0s

running (2m40.9s), 2000/2000 VUs, 305055 complete and 0 interrupted iterations
ramp   [  70% ] 2000/2000 VUs  2m40.9s/3m50.0s

running (2m41.9s), 2000/2000 VUs, 307077 complete and 0 interrupted iterations
ramp   [  70% ] 2000/2000 VUs  2m41.9s/3m50.0s

running (2m42.9s), 2000/2000 VUs, 309174 complete and 0 interrupted iterations
ramp   [  71% ] 2000/2000 VUs  2m42.9s/3m50.0s

running (2m43.9s), 2000/2000 VUs, 311006 complete and 0 interrupted iterations
ramp   [  71% ] 2000/2000 VUs  2m43.9s/3m50.0s

running (2m44.9s), 2000/2000 VUs, 313199 complete and 0 interrupted iterations
ramp   [  72% ] 2000/2000 VUs  2m44.9s/3m50.0s

running (2m45.9s), 2000/2000 VUs, 315377 complete and 0 interrupted iterations
ramp   [  72% ] 2000/2000 VUs  2m45.9s/3m50.0s

running (2m46.9s), 2000/2000 VUs, 317543 complete and 0 interrupted iterations
ramp   [  73% ] 2000/2000 VUs  2m46.9s/3m50.0s

running (2m47.9s), 2000/2000 VUs, 319667 complete and 0 interrupted iterations
ramp   [  73% ] 2000/2000 VUs  2m47.9s/3m50.0s

running (2m48.9s), 2000/2000 VUs, 321709 complete and 0 interrupted iterations
ramp   [  73% ] 2000/2000 VUs  2m48.9s/3m50.0s

running (2m49.9s), 2000/2000 VUs, 323893 complete and 0 interrupted iterations
ramp   [  74% ] 2000/2000 VUs  2m49.9s/3m50.0s

running (2m50.9s), 2000/2000 VUs, 326074 complete and 0 interrupted iterations
ramp   [  74% ] 2000/2000 VUs  2m50.9s/3m50.0s

running (2m51.9s), 2000/2000 VUs, 328251 complete and 0 interrupted iterations
ramp   [  75% ] 2000/2000 VUs  2m51.9s/3m50.0s

running (2m52.9s), 2000/2000 VUs, 330445 complete and 0 interrupted iterations
ramp   [  75% ] 2000/2000 VUs  2m52.9s/3m50.0s

running (2m53.9s), 2000/2000 VUs, 332662 complete and 0 interrupted iterations
ramp   [  76% ] 2000/2000 VUs  2m53.9s/3m50.0s

running (2m54.9s), 2000/2000 VUs, 334750 complete and 0 interrupted iterations
ramp   [  76% ] 2000/2000 VUs  2m54.9s/3m50.0s

running (2m55.9s), 2000/2000 VUs, 336982 complete and 0 interrupted iterations
ramp   [  76% ] 2000/2000 VUs  2m55.9s/3m50.0s

running (2m56.9s), 2000/2000 VUs, 339186 complete and 0 interrupted iterations
ramp   [  77% ] 2000/2000 VUs  2m56.9s/3m50.0s

running (2m57.9s), 2000/2000 VUs, 341384 complete and 0 interrupted iterations
ramp   [  77% ] 2000/2000 VUs  2m57.9s/3m50.0s

running (2m58.9s), 2000/2000 VUs, 343579 complete and 0 interrupted iterations
ramp   [  78% ] 2000/2000 VUs  2m58.9s/3m50.0s

running (2m59.9s), 2000/2000 VUs, 345806 complete and 0 interrupted iterations
ramp   [  78% ] 2000/2000 VUs  2m59.9s/3m50.0s

running (3m00.9s), 2000/2000 VUs, 347912 complete and 0 interrupted iterations
ramp   [  79% ] 2000/2000 VUs  3m00.9s/3m50.0s

running (3m01.9s), 2000/2000 VUs, 350145 complete and 0 interrupted iterations
ramp   [  79% ] 2000/2000 VUs  3m01.9s/3m50.0s

running (3m02.9s), 2000/2000 VUs, 352355 complete and 0 interrupted iterations
ramp   [  80% ] 2000/2000 VUs  3m02.9s/3m50.0s

running (3m03.9s), 2000/2000 VUs, 354576 complete and 0 interrupted iterations
ramp   [  80% ] 2000/2000 VUs  3m03.9s/3m50.0s

running (3m04.9s), 2000/2000 VUs, 356437 complete and 0 interrupted iterations
ramp   [  80% ] 2000/2000 VUs  3m04.9s/3m50.0s

running (3m05.9s), 2000/2000 VUs, 358636 complete and 0 interrupted iterations
ramp   [  81% ] 2000/2000 VUs  3m05.9s/3m50.0s

running (3m06.9s), 2000/2000 VUs, 360759 complete and 0 interrupted iterations
ramp   [  81% ] 2000/2000 VUs  3m06.9s/3m50.0s

running (3m07.9s), 2000/2000 VUs, 362994 complete and 0 interrupted iterations
ramp   [  82% ] 2000/2000 VUs  3m07.9s/3m50.0s

running (3m08.9s), 2000/2000 VUs, 365176 complete and 0 interrupted iterations
ramp   [  82% ] 2000/2000 VUs  3m08.9s/3m50.0s

running (3m09.9s), 2000/2000 VUs, 367336 complete and 0 interrupted iterations
ramp   [  83% ] 2000/2000 VUs  3m09.9s/3m50.0s

running (3m10.9s), 2000/2000 VUs, 369544 complete and 0 interrupted iterations
ramp   [  83% ] 2000/2000 VUs  3m10.9s/3m50.0s

running (3m11.9s), 2000/2000 VUs, 371721 complete and 0 interrupted iterations
ramp   [  83% ] 2000/2000 VUs  3m11.9s/3m50.0s

running (3m12.9s), 2000/2000 VUs, 373881 complete and 0 interrupted iterations
ramp   [  84% ] 2000/2000 VUs  3m12.9s/3m50.0s

running (3m13.9s), 2000/2000 VUs, 376015 complete and 0 interrupted iterations
ramp   [  84% ] 2000/2000 VUs  3m13.9s/3m50.0s

running (3m14.9s), 2000/2000 VUs, 378233 complete and 0 interrupted iterations
ramp   [  85% ] 2000/2000 VUs  3m14.9s/3m50.0s

running (3m15.9s), 2000/2000 VUs, 380499 complete and 0 interrupted iterations
ramp   [  85% ] 2000/2000 VUs  3m15.9s/3m50.0s

running (3m16.9s), 2000/2000 VUs, 382695 complete and 0 interrupted iterations
ramp   [  86% ] 2000/2000 VUs  3m16.9s/3m50.0s

running (3m17.9s), 2000/2000 VUs, 384901 complete and 0 interrupted iterations
ramp   [  86% ] 2000/2000 VUs  3m17.9s/3m50.0s

running (3m18.9s), 2000/2000 VUs, 387057 complete and 0 interrupted iterations
ramp   [  86% ] 2000/2000 VUs  3m18.9s/3m50.0s

running (3m19.9s), 2000/2000 VUs, 389146 complete and 0 interrupted iterations
ramp   [  87% ] 2000/2000 VUs  3m19.9s/3m50.0s

running (3m20.9s), 2000/2000 VUs, 391382 complete and 0 interrupted iterations
ramp   [  87% ] 2000/2000 VUs  3m20.9s/3m50.0s

running (3m21.9s), 2000/2000 VUs, 393592 complete and 0 interrupted iterations
ramp   [  88% ] 2000/2000 VUs  3m21.9s/3m50.0s

running (3m22.9s), 2000/2000 VUs, 395819 complete and 0 interrupted iterations
ramp   [  88% ] 2000/2000 VUs  3m22.9s/3m50.0s

running (3m23.9s), 2000/2000 VUs, 398056 complete and 0 interrupted iterations
ramp   [  89% ] 2000/2000 VUs  3m23.9s/3m50.0s

running (3m24.9s), 2000/2000 VUs, 400257 complete and 0 interrupted iterations
ramp   [  89% ] 2000/2000 VUs  3m24.9s/3m50.0s

running (3m25.9s), 2000/2000 VUs, 402462 complete and 0 interrupted iterations
ramp   [  90% ] 2000/2000 VUs  3m25.9s/3m50.0s

running (3m26.9s), 2000/2000 VUs, 404603 complete and 0 interrupted iterations
ramp   [  90% ] 2000/2000 VUs  3m26.9s/3m50.0s

running (3m27.9s), 2000/2000 VUs, 406828 complete and 0 interrupted iterations
ramp   [  90% ] 2000/2000 VUs  3m27.9s/3m50.0s

running (3m28.9s), 2000/2000 VUs, 409065 complete and 0 interrupted iterations
ramp   [  91% ] 2000/2000 VUs  3m28.9s/3m50.0s

running (3m29.9s), 2000/2000 VUs, 411295 complete and 0 interrupted iterations
ramp   [  91% ] 2000/2000 VUs  3m29.9s/3m50.0s

running (3m30.9s), 2000/2000 VUs, 413497 complete and 0 interrupted iterations
ramp   [  92% ] 2000/2000 VUs  3m30.9s/3m50.0s

running (3m31.9s), 2000/2000 VUs, 415663 complete and 0 interrupted iterations
ramp   [  92% ] 2000/2000 VUs  3m31.9s/3m50.0s

running (3m32.9s), 2000/2000 VUs, 417770 complete and 0 interrupted iterations
ramp   [  93% ] 2000/2000 VUs  3m32.9s/3m50.0s

running (3m33.9s), 2000/2000 VUs, 419963 complete and 0 interrupted iterations
ramp   [  93% ] 2000/2000 VUs  3m33.9s/3m50.0s

running (3m34.9s), 2000/2000 VUs, 422208 complete and 0 interrupted iterations
ramp   [  93% ] 2000/2000 VUs  3m34.9s/3m50.0s

running (3m35.9s), 2000/2000 VUs, 424414 complete and 0 interrupted iterations
ramp   [  94% ] 2000/2000 VUs  3m35.9s/3m50.0s

running (3m36.9s), 2000/2000 VUs, 426673 complete and 0 interrupted iterations
ramp   [  94% ] 2000/2000 VUs  3m36.9s/3m50.0s

running (3m37.9s), 2000/2000 VUs, 428872 complete and 0 interrupted iterations
ramp   [  95% ] 2000/2000 VUs  3m37.9s/3m50.0s

running (3m38.9s), 2000/2000 VUs, 430892 complete and 0 interrupted iterations
ramp   [  95% ] 2000/2000 VUs  3m38.9s/3m50.0s

running (3m39.9s), 2000/2000 VUs, 433088 complete and 0 interrupted iterations
ramp   [  96% ] 2000/2000 VUs  3m39.9s/3m50.0s

running (3m40.9s), 1914/2000 VUs, 435322 complete and 0 interrupted iterations
ramp   [  96% ] 1914/2000 VUs  3m40.9s/3m50.0s

running (3m41.9s), 1718/2000 VUs, 437513 complete and 0 interrupted iterations
ramp   [  96% ] 1718/2000 VUs  3m41.9s/3m50.0s

running (3m42.9s), 1503/2000 VUs, 439725 complete and 0 interrupted iterations
ramp   [  97% ] 1503/2000 VUs  3m42.9s/3m50.0s

running (3m43.9s), 1296/2000 VUs, 441932 complete and 0 interrupted iterations
ramp   [  97% ] 1296/2000 VUs  3m43.9s/3m50.0s

running (3m44.9s), 1077/2000 VUs, 444059 complete and 0 interrupted iterations
ramp   [  98% ] 1077/2000 VUs  3m44.9s/3m50.0s

running (3m45.9s), 0872/2000 VUs, 446218 complete and 0 interrupted iterations
ramp   [  98% ] 0872/2000 VUs  3m45.9s/3m50.0s

running (3m46.9s), 0669/2000 VUs, 448417 complete and 0 interrupted iterations
ramp   [  99% ] 0669/2000 VUs  3m46.9s/3m50.0s

running (3m47.9s), 0442/2000 VUs, 450644 complete and 0 interrupted iterations
ramp   [  99% ] 0442/2000 VUs  3m47.9s/3m50.0s

running (3m48.9s), 0238/2000 VUs, 452804 complete and 0 interrupted iterations
ramp   [ 100% ] 0238/2000 VUs  3m48.9s/3m50.0s

running (3m49.9s), 0029/2000 VUs, 454998 complete and 0 interrupted iterations
ramp   [ 100% ] 0029/2000 VUs  3m49.9s/3m50.0s


  █ THRESHOLDS 

    http_req_failed
    ✓ 'rate<0.005' rate=0.00%


  █ TOTAL RESULTS 

    checks_total.......: 455245  1979.282745/s
    checks_succeeded...: 100.00% 455245 out of 455245
    checks_failed......: 0.00%   0 out of 455245

    ✓ status is 201

    HTTP
    http_req_duration..............: avg=563.7ms  med=529.04ms p(90)=950.95ms p(95)=1s p(99)=1.08s p(99.9)=1.19s max=1.26s
      { expected_response:true }...: avg=563.7ms  med=529.04ms p(90)=950.95ms p(95)=1s p(99)=1.08s p(99.9)=1.19s max=1.26s
    http_req_failed................: 0.00%  0 out of 455245
    http_reqs......................: 455245 1979.282745/s

    EXECUTION
    iteration_duration.............: avg=563.93ms med=529.28ms p(90)=951.16ms p(95)=1s p(99)=1.08s p(99.9)=1.19s max=1.26s
    iterations.....................: 455245 1979.282745/s
    vus............................: 28     min=28          max=2000
    vus_max........................: 2000   min=2000        max=2000

    NETWORK
    data_received..................: 203 MB 884 kB/s
    data_sent......................: 75 MB  327 kB/s




running (3m50.0s), 0000/2000 VUs, 455245 complete and 0 interrupted iterations
ramp ✓ [ 100% ] 0000/2000 VUs  3m50s
