
         /\      Grafana   /‾‾/  
    /\  /  \     |\  __   /  /   
   /  \/    \    | |/ /  /   ‾‾\ 
  /          \   |   (  |  (‾)  |
 / __________ \  |_|\_\  \_____/ 


     execution: local
        script: k6/read.js
        output: -

     scenarios: (100.00%) 1 scenario, 2000 max VUs, 32s max duration (incl. graceful stop):
              * ramp: Up to 2000 looping VUs for 27s over 7 stages (gracefulRampDown: 5s, gracefulStop: 30s)


running (00.8s), 0141/2000 VUs, 509 complete and 0 interrupted iterations
ramp   [   3% ] 0141/2000 VUs  00.8s/27.0s

running (01.8s), 0308/2000 VUs, 2612 complete and 0 interrupted iterations
ramp   [   7% ] 0308/2000 VUs  01.8s/27.0s

running (02.8s), 0474/2000 VUs, 5883 complete and 0 interrupted iterations
ramp   [  11% ] 0474/2000 VUs  02.8s/27.0s

running (03.8s), 0500/2000 VUs, 9666 complete and 0 interrupted iterations
ramp   [  14% ] 0500/2000 VUs  03.8s/27.0s

running (04.8s), 0500/2000 VUs, 13453 complete and 0 interrupted iterations
ramp   [  18% ] 0500/2000 VUs  04.8s/27.0s

running (05.8s), 0500/2000 VUs, 17300 complete and 0 interrupted iterations
ramp   [  22% ] 0500/2000 VUs  05.8s/27.0s

running (06.8s), 0500/2000 VUs, 20787 complete and 0 interrupted iterations
ramp   [  25% ] 0500/2000 VUs  06.8s/27.0s

running (07.8s), 0500/2000 VUs, 24252 complete and 0 interrupted iterations
ramp   [  29% ] 0500/2000 VUs  07.8s/27.0s

running (08.8s), 0640/2000 VUs, 27880 complete and 0 interrupted iterations
ramp   [  33% ] 0640/2000 VUs  08.8s/27.0s

running (09.8s), 0807/2000 VUs, 31361 complete and 0 interrupted iterations
ramp   [  36% ] 0807/2000 VUs  09.8s/27.0s

running (10.8s), 0974/2000 VUs, 34609 complete and 0 interrupted iterations
ramp   [  40% ] 0974/2000 VUs  10.8s/27.0s

running (11.8s), 1000/2000 VUs, 38217 complete and 0 interrupted iterations
ramp   [  44% ] 1000/2000 VUs  11.8s/27.0s

running (12.8s), 1000/2000 VUs, 42084 complete and 0 interrupted iterations
ramp   [  48% ] 1000/2000 VUs  12.8s/27.0s

running (13.8s), 1000/2000 VUs, 45580 complete and 0 interrupted iterations
ramp   [  51% ] 1000/2000 VUs  13.8s/27.0s

running (14.8s), 1000/2000 VUs, 49328 complete and 0 interrupted iterations
ramp   [  55% ] 1000/2000 VUs  14.8s/27.0s

running (15.8s), 1000/2000 VUs, 52889 complete and 0 interrupted iterations
ramp   [  59% ] 1000/2000 VUs  15.8s/27.0s

running (16.8s), 1281/2000 VUs, 56526 complete and 0 interrupted iterations
ramp   [  62% ] 1281/2000 VUs  16.8s/27.0s

running (17.8s), 1615/2000 VUs, 59920 complete and 0 interrupted iterations
ramp   [  66% ] 1615/2000 VUs  17.8s/27.0s

running (18.8s), 1948/2000 VUs, 63697 complete and 0 interrupted iterations
ramp   [  70% ] 1948/2000 VUs  18.8s/27.0s

running (19.8s), 2000/2000 VUs, 67736 complete and 0 interrupted iterations
ramp   [  74% ] 2000/2000 VUs  19.8s/27.0s

running (20.8s), 2000/2000 VUs, 71882 complete and 0 interrupted iterations
ramp   [  77% ] 2000/2000 VUs  20.8s/27.0s

running (21.8s), 2000/2000 VUs, 75428 complete and 0 interrupted iterations
ramp   [  81% ] 2000/2000 VUs  21.8s/27.0s

running (22.8s), 2000/2000 VUs, 79543 complete and 0 interrupted iterations
ramp   [  85% ] 2000/2000 VUs  22.8s/27.0s

running (23.8s), 2000/2000 VUs, 83742 complete and 0 interrupted iterations
ramp   [  88% ] 2000/2000 VUs  23.8s/27.0s

running (24.8s), 1578/2000 VUs, 87836 complete and 0 interrupted iterations
ramp   [  92% ] 1578/2000 VUs  24.8s/27.0s

running (25.8s), 0869/2000 VUs, 91611 complete and 0 interrupted iterations
ramp   [  96% ] 0869/2000 VUs  25.8s/27.0s

running (26.8s), 0131/2000 VUs, 95124 complete and 0 interrupted iterations
ramp   [  99% ] 0131/2000 VUs  26.8s/27.0s


  █ THRESHOLDS 

    http_req_failed
    ✓ 'rate<0.005' rate=0.00%


  █ TOTAL RESULTS 

    checks_total.......: 95336   3519.029943/s
    checks_succeeded...: 100.00% 95336 out of 95336
    checks_failed......: 0.00%   0 out of 95336

    ✓ status is 200

    HTTP
    http_req_duration..............: avg=195.44ms med=170.56ms p(90)=401.67ms p(95)=438.98ms p(99)=520.85ms p(99.9)=639.41ms max=708.76ms
      { expected_response:true }...: avg=195.44ms med=170.56ms p(90)=401.67ms p(95)=438.98ms p(99)=520.85ms p(99.9)=639.41ms max=708.76ms
    http_req_failed................: 0.00%  0 out of 95336
    http_reqs......................: 95336  3519.029943/s

    EXECUTION
    iteration_duration.............: avg=296.79ms med=272.03ms p(90)=502.85ms p(95)=540.35ms p(99)=622.12ms p(99.9)=740.57ms max=809.9ms 
    iterations.....................: 95336  3519.029943/s
    vus............................: 131    min=131        max=2000
    vus_max........................: 2000   min=2000       max=2000

    NETWORK
    data_received..................: 45 MB  1.7 MB/s
    data_sent......................: 7.6 MB 281 kB/s




running (27.1s), 0000/2000 VUs, 95336 complete and 0 interrupted iterations
ramp ✓ [ 100% ] 0000/2000 VUs  27s
